// Jest Snapshot v1, https://goo.gl/fbAQLP

exports[`DataEntry initial load fetches initial state from api 1`] = `
<div>
  <div
    class="sc-kEYyzF dLLIBs"
  >
    <h1
      class="bp3-heading"
    >
      Member Sign in for Audit Board: 
      Audit Board #1
    </h1>
    <p>
      Enter the information below for each member of 
      Jurisdiction 1
       
      Audit Board #1
       below, then click "Next" to proceed.
    </p>
    <div
      class="sc-ifAKCX dUfgxM"
    >
      <h2
        class="bp3-heading sc-bxivhb jFEWwS"
      />
      <form>
        <div
          class="sc-EHOje gNDuQv"
        >
          <h3
            class="bp3-heading sc-gzVnrw hYCxik"
          >
            Audit Board Member
          </h3>
          <label
            for="[0]name"
          >
            <span
              class="sc-iwsKbI haXKLx"
            >
              Full Name
            </span>
            <input
              class="sc-gZMcBi bZTBmE"
              id="[0]name"
              name="[0]name"
              value=""
            />
          </label>
          <div>
            <span
              class="sc-iwsKbI haXKLx"
            >
              Party Affiliation 
              <i>
                (optional)
              </i>
            </span>
            <div>
              <label
                class="bp3-control bp3-radio"
              >
                <input
                  name="[0]affiliation"
                  type="radio"
                  value="DEM"
                />
                <span
                  class="bp3-control-indicator"
                />
                Democrat
              </label>
              <label
                class="bp3-control bp3-radio"
              >
                <input
                  name="[0]affiliation"
                  type="radio"
                  value="REP"
                />
                <span
                  class="bp3-control-indicator"
                />
                Republican
              </label>
              <label
                class="bp3-control bp3-radio"
              >
                <input
                  name="[0]affiliation"
                  type="radio"
                  value="LIB"
                />
                <span
                  class="bp3-control-indicator"
                />
                Libertarian
              </label>
              <label
                class="bp3-control bp3-radio"
              >
                <input
                  name="[0]affiliation"
                  type="radio"
                  value="IND"
                />
                <span
                  class="bp3-control-indicator"
                />
                Independent/Unaffiliated
              </label>
              <label
                class="bp3-control bp3-radio"
              >
                <input
                  name="[0]affiliation"
                  type="radio"
                  value="OTH"
                />
                <span
                  class="bp3-control-indicator"
                />
                Other
              </label>
              <label
                class="bp3-control bp3-radio"
              >
                <input
                  checked=""
                  name="[0]affiliation"
                  type="radio"
                  value=""
                />
                <span
                  class="bp3-control-indicator"
                />
                None
              </label>
            </div>
          </div>
        </div>
        <div
          class="sc-EHOje gNDuQv"
        >
          <h3
            class="bp3-heading sc-gzVnrw hYCxik"
          >
            Audit Board Member
          </h3>
          <label
            for="[1]name"
          >
            <span
              class="sc-iwsKbI haXKLx"
            >
              Full Name
            </span>
            <input
              class="sc-gZMcBi bZTBmE"
              id="[1]name"
              name="[1]name"
              value=""
            />
          </label>
          <div>
            <span
              class="sc-iwsKbI haXKLx"
            >
              Party Affiliation 
              <i>
                (optional)
              </i>
            </span>
            <div>
              <label
                class="bp3-control bp3-radio"
              >
                <input
                  name="[1]affiliation"
                  type="radio"
                  value="DEM"
                />
                <span
                  class="bp3-control-indicator"
                />
                Democrat
              </label>
              <label
                class="bp3-control bp3-radio"
              >
                <input
                  name="[1]affiliation"
                  type="radio"
                  value="REP"
                />
                <span
                  class="bp3-control-indicator"
                />
                Republican
              </label>
              <label
                class="bp3-control bp3-radio"
              >
                <input
                  name="[1]affiliation"
                  type="radio"
                  value="LIB"
                />
                <span
                  class="bp3-control-indicator"
                />
                Libertarian
              </label>
              <label
                class="bp3-control bp3-radio"
              >
                <input
                  name="[1]affiliation"
                  type="radio"
                  value="IND"
                />
                <span
                  class="bp3-control-indicator"
                />
                Independent/Unaffiliated
              </label>
              <label
                class="bp3-control bp3-radio"
              >
                <input
                  name="[1]affiliation"
                  type="radio"
                  value="OTH"
                />
                <span
                  class="bp3-control-indicator"
                />
                Other
              </label>
              <label
                class="bp3-control bp3-radio"
              >
                <input
                  checked=""
                  name="[1]affiliation"
                  type="radio"
                  value=""
                />
                <span
                  class="bp3-control-indicator"
                />
                None
              </label>
            </div>
          </div>
        </div>
        <button
          class="bp3-button bp3-intent-primary sc-dnqmqq iQfLYL"
          type="button"
        >
          <span
            class="bp3-button-text"
          >
            Next
          </span>
        </button>
      </form>
    </div>
  </div>
</div>
`;

exports[`DataEntry initial load renders correctly 1`] = `
<div>
  <div
    class="sc-kEYyzF dLLIBs"
  >
    <h1
      class="bp3-heading"
    >
      Member Sign in for Audit Board: 
      Audit Board #1
    </h1>
    <p>
      Enter the information below for each member of 
      Jurisdiction 1
       
      Audit Board #1
       below, then click "Next" to proceed.
    </p>
    <div
      class="sc-ifAKCX dUfgxM"
    >
      <h2
        class="bp3-heading sc-bxivhb jFEWwS"
      />
      <form>
        <div
          class="sc-EHOje gNDuQv"
        >
          <h3
            class="bp3-heading sc-gzVnrw hYCxik"
          >
            Audit Board Member
          </h3>
          <label
            for="[0]name"
          >
            <span
              class="sc-iwsKbI haXKLx"
            >
              Full Name
            </span>
            <input
              class="sc-gZMcBi bZTBmE"
              id="[0]name"
              name="[0]name"
              value=""
            />
          </label>
          <div>
            <span
              class="sc-iwsKbI haXKLx"
            >
              Party Affiliation 
              <i>
                (optional)
              </i>
            </span>
            <div>
              <label
                class="bp3-control bp3-radio"
              >
                <input
                  name="[0]affiliation"
                  type="radio"
                  value="DEM"
                />
                <span
                  class="bp3-control-indicator"
                />
                Democrat
              </label>
              <label
                class="bp3-control bp3-radio"
              >
                <input
                  name="[0]affiliation"
                  type="radio"
                  value="REP"
                />
                <span
                  class="bp3-control-indicator"
                />
                Republican
              </label>
              <label
                class="bp3-control bp3-radio"
              >
                <input
                  name="[0]affiliation"
                  type="radio"
                  value="LIB"
                />
                <span
                  class="bp3-control-indicator"
                />
                Libertarian
              </label>
              <label
                class="bp3-control bp3-radio"
              >
                <input
                  name="[0]affiliation"
                  type="radio"
                  value="IND"
                />
                <span
                  class="bp3-control-indicator"
                />
                Independent/Unaffiliated
              </label>
              <label
                class="bp3-control bp3-radio"
              >
                <input
                  name="[0]affiliation"
                  type="radio"
                  value="OTH"
                />
                <span
                  class="bp3-control-indicator"
                />
                Other
              </label>
              <label
                class="bp3-control bp3-radio"
              >
                <input
                  checked=""
                  name="[0]affiliation"
                  type="radio"
                  value=""
                />
                <span
                  class="bp3-control-indicator"
                />
                None
              </label>
            </div>
          </div>
        </div>
        <div
          class="sc-EHOje gNDuQv"
        >
          <h3
            class="bp3-heading sc-gzVnrw hYCxik"
          >
            Audit Board Member
          </h3>
          <label
            for="[1]name"
          >
            <span
              class="sc-iwsKbI haXKLx"
            >
              Full Name
            </span>
            <input
              class="sc-gZMcBi bZTBmE"
              id="[1]name"
              name="[1]name"
              value=""
            />
          </label>
          <div>
            <span
              class="sc-iwsKbI haXKLx"
            >
              Party Affiliation 
              <i>
                (optional)
              </i>
            </span>
            <div>
              <label
                class="bp3-control bp3-radio"
              >
                <input
                  name="[1]affiliation"
                  type="radio"
                  value="DEM"
                />
                <span
                  class="bp3-control-indicator"
                />
                Democrat
              </label>
              <label
                class="bp3-control bp3-radio"
              >
                <input
                  name="[1]affiliation"
                  type="radio"
                  value="REP"
                />
                <span
                  class="bp3-control-indicator"
                />
                Republican
              </label>
              <label
                class="bp3-control bp3-radio"
              >
                <input
                  name="[1]affiliation"
                  type="radio"
                  value="LIB"
                />
                <span
                  class="bp3-control-indicator"
                />
                Libertarian
              </label>
              <label
                class="bp3-control bp3-radio"
              >
                <input
                  name="[1]affiliation"
                  type="radio"
                  value="IND"
                />
                <span
                  class="bp3-control-indicator"
                />
                Independent/Unaffiliated
              </label>
              <label
                class="bp3-control bp3-radio"
              >
                <input
                  name="[1]affiliation"
                  type="radio"
                  value="OTH"
                />
                <span
                  class="bp3-control-indicator"
                />
                Other
              </label>
              <label
                class="bp3-control bp3-radio"
              >
                <input
                  checked=""
                  name="[1]affiliation"
                  type="radio"
                  value=""
                />
                <span
                  class="bp3-control-indicator"
                />
                None
              </label>
            </div>
          </div>
        </div>
        <button
          class="bp3-button bp3-intent-primary sc-dnqmqq iQfLYL"
          type="button"
        >
          <span
            class="bp3-button-text"
          >
            Next
          </span>
        </button>
      </form>
    </div>
  </div>
</div>
`;

exports[`DataEntry initial load renders member form 1`] = `
<div>
  <div
    class="sc-kEYyzF dLLIBs"
  >
    <h1
      class="bp3-heading"
    >
      Member Sign in for Audit Board: 
      Audit Board #1
    </h1>
    <p>
      Enter the information below for each member of 
      Jurisdiction 1
       
      Audit Board #1
       below, then click "Next" to proceed.
    </p>
    <div
      class="sc-ifAKCX dUfgxM"
    >
      <h2
        class="bp3-heading sc-bxivhb jFEWwS"
      />
      <form>
        <div
          class="sc-EHOje gNDuQv"
        >
          <h3
            class="bp3-heading sc-gzVnrw hYCxik"
          >
            Audit Board Member
          </h3>
          <label
            for="[0]name"
          >
            <span
              class="sc-iwsKbI haXKLx"
            >
              Full Name
            </span>
            <input
              class="sc-gZMcBi bZTBmE"
              id="[0]name"
              name="[0]name"
              value=""
            />
          </label>
          <div>
            <span
              class="sc-iwsKbI haXKLx"
            >
              Party Affiliation 
              <i>
                (optional)
              </i>
            </span>
            <div>
              <label
                class="bp3-control bp3-radio"
              >
                <input
                  name="[0]affiliation"
                  type="radio"
                  value="DEM"
                />
                <span
                  class="bp3-control-indicator"
                />
                Democrat
              </label>
              <label
                class="bp3-control bp3-radio"
              >
                <input
                  name="[0]affiliation"
                  type="radio"
                  value="REP"
                />
                <span
                  class="bp3-control-indicator"
                />
                Republican
              </label>
              <label
                class="bp3-control bp3-radio"
              >
                <input
                  name="[0]affiliation"
                  type="radio"
                  value="LIB"
                />
                <span
                  class="bp3-control-indicator"
                />
                Libertarian
              </label>
              <label
                class="bp3-control bp3-radio"
              >
                <input
                  name="[0]affiliation"
                  type="radio"
                  value="IND"
                />
                <span
                  class="bp3-control-indicator"
                />
                Independent/Unaffiliated
              </label>
              <label
                class="bp3-control bp3-radio"
              >
                <input
                  name="[0]affiliation"
                  type="radio"
                  value="OTH"
                />
                <span
                  class="bp3-control-indicator"
                />
                Other
              </label>
              <label
                class="bp3-control bp3-radio"
              >
                <input
                  checked=""
                  name="[0]affiliation"
                  type="radio"
                  value=""
                />
                <span
                  class="bp3-control-indicator"
                />
                None
              </label>
            </div>
          </div>
        </div>
        <div
          class="sc-EHOje gNDuQv"
        >
          <h3
            class="bp3-heading sc-gzVnrw hYCxik"
          >
            Audit Board Member
          </h3>
          <label
            for="[1]name"
          >
            <span
              class="sc-iwsKbI haXKLx"
            >
              Full Name
            </span>
            <input
              class="sc-gZMcBi bZTBmE"
              id="[1]name"
              name="[1]name"
              value=""
            />
          </label>
          <div>
            <span
              class="sc-iwsKbI haXKLx"
            >
              Party Affiliation 
              <i>
                (optional)
              </i>
            </span>
            <div>
              <label
                class="bp3-control bp3-radio"
              >
                <input
                  name="[1]affiliation"
                  type="radio"
                  value="DEM"
                />
                <span
                  class="bp3-control-indicator"
                />
                Democrat
              </label>
              <label
                class="bp3-control bp3-radio"
              >
                <input
                  name="[1]affiliation"
                  type="radio"
                  value="REP"
                />
                <span
                  class="bp3-control-indicator"
                />
                Republican
              </label>
              <label
                class="bp3-control bp3-radio"
              >
                <input
                  name="[1]affiliation"
                  type="radio"
                  value="LIB"
                />
                <span
                  class="bp3-control-indicator"
                />
                Libertarian
              </label>
              <label
                class="bp3-control bp3-radio"
              >
                <input
                  name="[1]affiliation"
                  type="radio"
                  value="IND"
                />
                <span
                  class="bp3-control-indicator"
                />
                Independent/Unaffiliated
              </label>
              <label
                class="bp3-control bp3-radio"
              >
                <input
                  name="[1]affiliation"
                  type="radio"
                  value="OTH"
                />
                <span
                  class="bp3-control-indicator"
                />
                Other
              </label>
              <label
                class="bp3-control bp3-radio"
              >
                <input
                  checked=""
                  name="[1]affiliation"
                  type="radio"
                  value=""
                />
                <span
                  class="bp3-control-indicator"
                />
                None
              </label>
            </div>
          </div>
        </div>
        <button
          class="bp3-button bp3-intent-primary sc-dnqmqq iQfLYL"
          type="button"
        >
          <span
            class="bp3-button-text"
          >
            Next
          </span>
        </button>
      </form>
    </div>
  </div>
</div>
`;
