// Jest Snapshot v1, https://goo.gl/fbAQLP

exports[`Header renders correctly 1`] = `
<div>
  <div
    class="bp3-navbar bp3-fixed-top sc-htpNat ocefa"
  >
    <div
      class="bp3-navbar-group bp3-align-left"
    >
      <div
        class="bp3-navbar-heading"
      >
        <a
          href="/"
        >
          <img
            alt="Arlo, by VotingWorks"
            src="/arlo.png"
          />
        </a>
      </div>
    </div>
    <div
      class="bp3-navbar-group bp3-align-right"
    >
      <div
        class="sc-bwzfXH kwlduM"
        id="reset-button-wrapper"
      />
    </div>
  </div>
</div>
`;
