// Jest Snapshot v1, https://goo.gl/fbAQLP

exports[`App renders properly 1`] = `
<div>
  <div
    class="Toastify"
  />
  <div
    class="sc-fAjcbJ dUOePp"
  >
    <div
      class="bp3-navbar bp3-fixed-top sc-bxivhb dGpCch"
    >
      <div
        class="bp3-navbar-group bp3-align-left"
      >
        <div
          class="bp3-navbar-heading"
        >
          <a
            href="/"
          >
            <img
              alt="Arlo, by VotingWorks"
              src="/arlo.png"
            />
          </a>
        </div>
      </div>
      <div
        class="bp3-navbar-group bp3-align-right"
      >
        <div
          class="sc-htpNat lmHRkX"
          id="reset-button-wrapper"
        />
      </div>
    </div>
    <div
      class="sc-dVhcbM eBhGXw"
    >
      <img
        alt="Arlo, by VotingWorks"
        height="50px"
        src="/arlo.png"
      />
      <button
        class="bp3-button bp3-fill bp3-large bp3-intent-primary sc-fMiknA hoQSCm sc-bdVaJa gLVjYw"
        type="button"
      >
        <span
          class="bp3-button-text"
        >
          Create a New Audit
        </span>
      </button>
      <button
        class="bp3-button bp3-fill bp3-large bp3-intent-primary sc-fMiknA hoQSCm sc-bdVaJa gLVjYw"
        type="button"
      >
        <span
          class="bp3-button-text"
        >
          Log in as an Audit Admin
        </span>
      </button>
      <button
        class="bp3-button bp3-fill bp3-large bp3-intent-primary sc-fMiknA hoQSCm sc-bdVaJa gLVjYw"
        type="button"
      >
        <span
          class="bp3-button-text"
        >
          Log in as a Jurisdiction Admin
        </span>
      </button>
    </div>
  </div>
</div>
`;
