// Jest Snapshot v1, https://goo.gl/fbAQLP

exports[`AuditFlow renders correctly 1`] = `
<div>
  <div
    class="sc-eNQAEJ jDJHSN"
  />
</div>
`;
